[31m✘[0m vertex a [31mERROR[0m [90m[0.00s][0m
[31m┃[0m stdout 1                                                                      [0m
[31m┃[0m stderr 1                                                                      [0m
[31m┃[0m stdout 2                                                                      [0m
[31m┃[0m stderr 2                                                                      [0m
[31;1m┃[0m [31;1mERROR:[0m nope
