[32m█[0m [33m[0.00s][0m long lines
[32m┃[0m xxxxxxxxxxxxxxxxxxxxxxxxxxxxxxxxxxxxxxxxxxxxxxxxxxxxxxxxxxxxxxxxxxxxxxxxxxxxxx[0m
[32m█[0m [33m[0.00s][0m more long lines
[32m┃[0m yyyyyyyyyyyyyyyyyyyyyyyyyyyyyyyyyyyyyyyyyyyyyyyyyyyyyyyyyyyyyyyyyyyyyyyyyyyyyy[0m
[32m┃[0m yyyyyyyyyyyyyyyyyyyyyyyyyyyyyyyyyyyyyyyyyyyyyyyyyyyyyyyyyyyyyyyyyyyyyyyyyyyyyy[0m
[32m┃[0m yyyyyyyyyyyyyyyyyyyyyyyyyyyyyyyyyyyyyyyy                                      [0m
[32m┻[0m 
