[90m[0.00s][0m [31mERROR[0m vertex a
stdout 1                                                                        [0m
stderr 1                                                                        [0m
stdout 2                                                                        [0m
stderr 2                                                                        [0m
