[32m┣[0m[33m─[0m[33m╮[0m 
[32m│[0m [33m▼[0m [1mgroup a[0m
[32m│[0m [33m█[0m [90m[0.00s][0m vertex a
[32m│[0m [33m┻[0m 
[32m┣[0m[33m─[0m[33m╮[0m 
[32m│[0m [33m▼[0m [1mgroup b[0m
[32m│[0m [33m█[0m [90m[0.00s][0m vertex b
[32m┣[0m[34m─[0m[33m┼[0m[34m─[0m[34m╮[0m 
[32m│[0m [33m│[0m [34m▼[0m [1mgroup c[0m
[32m│[0m [33m│[0m [34m█[0m [90m[0.00s][0m vertex c
[32m┣[0m[35m─[0m[33m┼[0m[35m─[0m[34m┼[0m[35m─[0m[35m╮[0m 
[32m│[0m [33m│[0m [34m│[0m [35m▼[0m [1mgroup d[0m
[32m│[0m [33m│[0m [34m│[0m [35m█[0m [90m[0.00s][0m vertex d
[32m│[0m [33m█[0m [34m│[0m [35m│[0m [90m[0.00s][0m vertex b2
[32m│[0m [33m┻[0m [34m│[0m [35m│[0m 
[32m│[0m   [34m█[0m [35m│[0m [90m[0.00s][0m vertex c2
[32m│[0m   [34m┻[0m [35m│[0m 
[32m│[0m     [35m█[0m [90m[0.00s][0m vertex d2
[32m│[0m [33m╭[0m[33m─[0m[33m─[0m[33m─[0m[35m┫[0m [90mvertex d2[0m
[32m│[0m [33m│[0m   [35m┻[0m 
[32m┣[0m[34m─[0m[33m┼[0m[34m─[0m[34m╮[0m 
[32m│[0m [33m│[0m [34m▼[0m [1mgroup e[0m
[32m│[0m [33m│[0m [34m█[0m [33m[0.00s][0m vertex e
[32m│[0m [33m│[0m [34m┃[0m stdout 1                                                                  [0m
[32m│[0m [33m│[0m [34m┃[0m stderr 1                                                                  [0m
[32m│[0m [33m│[0m [34m┃[0m stdout 2                                                                  [0m
[32m│[0m [33m│[0m [34m┃[0m stderr 2                                                                  [0m
[32m│[0m [33m│[0m [34m┣[0m[35m─[0m[35m╮[0m 
[32m│[0m [33m│[0m [34m│[0m [35m▼[0m [1mgroup e.a[0m
[32m│[0m [33m╰[0m[33m─[0m[34m┼[0m[33m▶[0m[35m█[0m [33m[0.00s][0m vertex z
[32m│[0m   [34m│[0m [35m┃[0m stdout 1                                                                [0m
[32m│[0m   [34m│[0m [35m┃[0m stderr 1                                                                [0m
[32m│[0m   [34m│[0m [35m┃[0m stdout 2                                                                [0m
[32m│[0m   [34m│[0m [35m┃[0m stderr 2                                                                [0m
[32m┻[0m   [34m┻[0m [35m┻[0m 
